.expo/types/router.d.ts(9,937): error TS1005: ']' expected.
.expo/types/router.d.ts(9,949): error TS1109: Expression expected.
.expo/types/router.d.ts(9,980): error TS1109: Expression expected.
.expo/types/router.d.ts(9,1069): error TS1005: ',' expected.
.expo/types/router.d.ts(10,71): error TS1109: Expression expected.
.expo/types/router.d.ts(10,102): error TS1109: Expression expected.
.expo/types/router.d.ts(10,210): error TS1005: ',' expected.
.expo/types/router.d.ts(10,247): error TS1005: ',' expected.
.expo/types/router.d.ts(10,276): error TS1005: ',' expected.
.expo/types/router.d.ts(10,313): error TS1005: ',' expected.
.expo/types/router.d.ts(10,342): error TS1005: ',' expected.
.expo/types/router.d.ts(10,379): error TS1005: ',' expected.
.expo/types/router.d.ts(10,434): error TS1005: ',' expected.
.expo/types/router.d.ts(10,471): error TS1005: ',' expected.
.expo/types/router.d.ts(10,530): error TS1005: ',' expected.
.expo/types/router.d.ts(10,567): error TS1005: ',' expected.
.expo/types/router.d.ts(10,605): error TS1005: ',' expected.
.expo/types/router.d.ts(10,642): error TS1005: ',' expected.
.expo/types/router.d.ts(10,697): error TS1005: ',' expected.
.expo/types/router.d.ts(10,734): error TS1005: ',' expected.
.expo/types/router.d.ts(10,793): error TS1005: ',' expected.
.expo/types/router.d.ts(10,830): error TS1005: ',' expected.
.expo/types/router.d.ts(10,879): error TS1005: ',' expected.
.expo/types/router.d.ts(10,916): error TS1005: ',' expected.
.expo/types/router.d.ts(10,952): error TS1005: ']' expected.
.expo/types/router.d.ts(10,989): error TS1005: ',' expected.
.expo/types/router.d.ts(10,1074): error TS1005: ',' expected.
.expo/types/router.d.ts(11,1104): error TS1005: ',' expected.
.expo/types/router.d.ts(11,1140): error TS1005: ',' expected.
.expo/types/router.d.ts(11,1169): error TS1005: ',' expected.
.expo/types/router.d.ts(11,1205): error TS1005: ',' expected.
.expo/types/router.d.ts(11,1234): error TS1005: ',' expected.
.expo/types/router.d.ts(11,1270): error TS1005: ',' expected.
.expo/types/router.d.ts(11,1325): error TS1005: ',' expected.
.expo/types/router.d.ts(11,1361): error TS1005: ',' expected.
.expo/types/router.d.ts(11,1420): error TS1005: ',' expected.
.expo/types/router.d.ts(11,1456): error TS1005: ',' expected.
.expo/types/router.d.ts(11,1494): error TS1005: ',' expected.
.expo/types/router.d.ts(11,1530): error TS1005: ',' expected.
.expo/types/router.d.ts(11,1585): error TS1005: ',' expected.
.expo/types/router.d.ts(11,1621): error TS1005: ',' expected.
.expo/types/router.d.ts(11,1680): error TS1005: ',' expected.
.expo/types/router.d.ts(11,1716): error TS1005: ',' expected.
.expo/types/router.d.ts(11,1765): error TS1005: ',' expected.
.expo/types/router.d.ts(11,1801): error TS1005: ',' expected.
.expo/types/router.d.ts(11,1837): error TS1005: ']' expected.
.expo/types/router.d.ts(11,1873): error TS1005: ',' expected.
.expo/types/router.d.ts(11,2044): error TS1005: ',' expected.
.expo/types/router.d.ts(11,2049): error TS1005: ']' expected.
.expo/types/router.d.ts(13,3): error TS1128: Declaration or statement expected.
.expo/types/router.d.ts(14,1): error TS1128: Declaration or statement expected.
