hooks/use-view-transition-navigation.ts(31,55): error TS2345: Argument of type 'string' is not assignable to parameter of type 'RelativePathString | ExternalPathString | `/category/[id]?${string}` | `/category/[id]#${string}` | "/_sitemap" | `/_sitemap?${string}` | `/_sitemap#${string}` | "/(tabs)" | "/(tabs)/calendar" | ... 47 more ... | { ...; }'.
hooks/use-view-transition-navigation.ts(36,58): error TS2345: Argument of type 'string' is not assignable to parameter of type 'RelativePathString | ExternalPathString | `/category/[id]?${string}` | `/category/[id]#${string}` | "/_sitemap" | `/_sitemap?${string}` | `/_sitemap#${string}` | "/(tabs)" | "/(tabs)/calendar" | ... 47 more ... | { ...; }'.
tmp/test-reset.ts(1,10): error TS2724: '"../utils/reset"' has no exported member named 'shouldResetTasks'. Did you mean 'shouldResetItems'?
